{
  "name": "CREATE_APP_WITH_MICRO",
  "version": "1.0.0",
  "main": "index.js",
  "license": "MIT",
  "dependencies": {
    "lerna": "<4.0.0",
    "microfrontend-controller": "^2.1.18"
  },
  "scripts": {
    "postinstall": "lerna bootstrap",
    "build": "yarn build:packages && yarn package",
    "build:packages": "microfrontend-controller build -a webapp",
    "package": "microfrontend-controller build -p webapp",
    "start": "microfrontend-controller start -a webapp"
  }
}