{
  "name": "CREATE_APP",
  "version": "1.0.0",
  "main": "index.js",
  "license": "MIT",
  "dependencies": {
    "lerna": "<4.0.0",
    "@cmra/cli": "^2.1.18"
  },
  "scripts": {
    "postinstall": "lerna bootstrap",
    "build": "yarn build:packages && yarn package",
    "build:packages": "cmra build -a webapp",
    "package": "cmra build -p webapp",
    "start": "cmra start -a webapp"
  }
}
